Abhängigkeiten des Projekts werden überprüft...
Erzeugen von PPGlowDBR.dproj (Debug, Win64)
brcc32 Befehlszeile für "PPGlowDBR.vrc"
  c:\program files (x86)\embarcadero\studio\37.0\bin64\cgrc.exe -c65001 -= resinator.exe PPGlowDBR.vrc -foPPGlowDBR.res 
dcc64 Befehlszeile für "PPGlowDBR.dpk"
  c:\program files (x86)\embarcadero\studio\37.0\bin\dcc64.exe -$O- -$W+ -$R+ -$Q+ --no-config -B -Q -Z -TX.bpl 
  -AGenerics.Collections=System.Generics.Collections;Generics.Defaults=System.Generics.Defaults;WinTypes=Winapi.Windows;WinProcs=Winapi.Windows;
  DbiTypes=BDE;DbiProcs=BDE;DbiErrs=BDE -DDEBUG;;FRAMEWORK_VCL -I"c:\program files (x86)\embarcadero\studio\37.0\lib\Win64\release\DE";
  ..\..\Lib\37.0\Win64\Debug;"c:\program files (x86)\embarcadero\studio\37.0\lib\Win64\release";
  C:\Users\Administrator\Documents\Embarcadero\Studio\37.0\Imports\Win64;"c:\program files (x86)\embarcadero\studio\37.0\Imports";
  C:\Users\Public\Documents\Embarcadero\Studio\37.0\Dcp\Win64;"c:\program files (x86)\embarcadero\studio\37.0\include" -LE..\..\Lib\37.0\Win64\Debug 
  -LN..\..\Lib\37.0\Win64\Debug -NU..\..\Lib\37.0\Win64\Debug -NSWinapi;System.Win;Data.Win;Datasnap.Win;Web.Win;Soap.Win;Xml.Win;System;Xml;Data;
  Datasnap;Web;Soap;Vcl;Vcl.Imaging; -O..\..\Lib\37.0\Win64\Debug;"c:\program files (x86)\embarcadero\studio\37.0\lib\Win64\release";
  C:\Users\Administrator\Documents\Embarcadero\Studio\37.0\Imports\Win64;"c:\program files (x86)\embarcadero\studio\37.0\Imports";
  C:\Users\Public\Documents\Embarcadero\Studio\37.0\Dcp\Win64;"c:\program files (x86)\embarcadero\studio\37.0\include" -R"c:\program files 
  (x86)\embarcadero\studio\37.0\lib\Win64\release\DE";..\..\Lib\37.0\Win64\Debug;"c:\program files (x86)\embarcadero\studio\37.0\lib\Win64\release";
  C:\Users\Administrator\Documents\Embarcadero\Studio\37.0\Imports\Win64;"c:\program files (x86)\embarcadero\studio\37.0\Imports";
  C:\Users\Public\Documents\Embarcadero\Studio\37.0\Dcp\Win64;"c:\program files (x86)\embarcadero\studio\37.0\include" -U"c:\program files 
  (x86)\embarcadero\studio\37.0\lib\Win64\release\DE";..\..\Lib\37.0\Win64\Debug;"c:\program files (x86)\embarcadero\studio\37.0\lib\Win64\release";
  C:\Users\Administrator\Documents\Embarcadero\Studio\37.0\Imports\Win64;"c:\program files (x86)\embarcadero\studio\37.0\Imports";
  C:\Users\Public\Documents\Embarcadero\Studio\37.0\Dcp\Win64;"c:\program files (x86)\embarcadero\studio\37.0\include" -VR -K00400000 
  --description:"PPGlow Components - Data-aware Runtime" -NB..\..\Lib\37.0\Win64\Debug -NHC:\Users\Public\Documents\Embarcadero\Studio\37.0\hpp\Win64 
  -NO..\..\Lib\37.0\Win64\Debug  PPGlowDBR.dpk   
Erfolg
Verstrichene Zeit: 00:00:00.4
