Abhängigkeiten des Projekts werden überprüft...
Erzeugen von PPGlowDemo.dproj (Debug, Win32)
brcc32 Befehlszeile für "PPGlowDemo.vrc"
  c:\program files (x86)\embarcadero\studio\37.0\bin64\cgrc.exe -c65001 -= resinator.exe PPGlowDemo.vrc -foPPGlowDemo.res 
dcc32 Befehlszeile für "PPGlowDemo.dpr"
  c:\program files (x86)\embarcadero\studio\37.0\bin\dcc32.exe -$O- -$W+ -$R+ -$Q+ --no-config -B -Q -TX.exe 
  -AGenerics.Collections=System.Generics.Collections;Generics.Defaults=System.Generics.Defaults;WinTypes=Winapi.Windows;WinProcs=Winapi.Windows;
  DbiTypes=BDE;DbiProcs=BDE;DbiErrs=BDE -DDEBUG;;FRAMEWORK_VCL -I"c:\program files (x86)\embarcadero\studio\37.0\lib\Win32\release\DE";"c:\program 
  files (x86)\embarcadero\studio\37.0\lib\Win32\release";C:\Users\Administrator\Documents\Embarcadero\Studio\37.0\Imports;
  C:\Users\Administrator\Documents\Embarcadero\Studio\37.0\Imports\Win32;"c:\program files (x86)\embarcadero\studio\37.0\Imports";
  C:\Users\Public\Documents\Embarcadero\Studio\37.0\Dcp;"c:\program files (x86)\embarcadero\studio\37.0\include" 
  -LEC:\Users\Public\Documents\Embarcadero\Studio\37.0\Bpl -LNC:\Users\Public\Documents\Embarcadero\Studio\37.0\Dcp -NSWinapi;System.Win;Data.Win;
  Datasnap.Win;Web.Win;Soap.Win;Xml.Win;Bde;Vcl;Vcl.Imaging;Vcl.Touch;Vcl.Samples;Vcl.Shell;System;Xml;Data;Datasnap;Web;Soap; -O"c:\program files 
  (x86)\embarcadero\studio\37.0\lib\Win32\release";C:\Users\Administrator\Documents\Embarcadero\Studio\37.0\Imports;
  C:\Users\Administrator\Documents\Embarcadero\Studio\37.0\Imports\Win32;"c:\program files (x86)\embarcadero\studio\37.0\Imports";
  C:\Users\Public\Documents\Embarcadero\Studio\37.0\Dcp;"c:\program files (x86)\embarcadero\studio\37.0\include" -R"c:\program files 
  (x86)\embarcadero\studio\37.0\lib\Win32\release\DE";"c:\program files (x86)\embarcadero\studio\37.0\lib\Win32\release";
  C:\Users\Administrator\Documents\Embarcadero\Studio\37.0\Imports;C:\Users\Administrator\Documents\Embarcadero\Studio\37.0\Imports\Win32;"c:\program 
  files (x86)\embarcadero\studio\37.0\Imports";C:\Users\Public\Documents\Embarcadero\Studio\37.0\Dcp;"c:\program files 
  (x86)\embarcadero\studio\37.0\include" -U"c:\program files (x86)\embarcadero\studio\37.0\lib\Win32\release\DE";"c:\program files 
  (x86)\embarcadero\studio\37.0\lib\Win32\release";C:\Users\Administrator\Documents\Embarcadero\Studio\37.0\Imports;
  C:\Users\Administrator\Documents\Embarcadero\Studio\37.0\Imports\Win32;"c:\program files (x86)\embarcadero\studio\37.0\Imports";
  C:\Users\Public\Documents\Embarcadero\Studio\37.0\Dcp;"c:\program files (x86)\embarcadero\studio\37.0\include" -K00400000 
  -NBC:\Users\Public\Documents\Embarcadero\Studio\37.0\Dcp -NHC:\Users\Public\Documents\Embarcadero\Studio\37.0\hpp\Win32  PPGlowDemo.dpr   
Erfolg
Verstrichene Zeit: 00:00:02.3
